// Jest Snapshot v1, https://goo.gl/fbAQLP

exports[`index should match snapshot 1`] = `
<div class="container">
  <app-header-stub></app-header-stub>
  <home-stub></home-stub>
</div>
`;
