// Jest Snapshot v1, https://goo.gl/fbAQLP

exports[`Footer should match snapshot 1`] = `
<footer class="footer">
  <p>Retrouvez les Cols verts sur les r√©seaux sociaux :</p> <span class="links"><a href="https://www.facebook.com/Les-Cols-verts-136135993614214"><img src="../../../static/facebook.png" alt="Logo Facebook" class="img"></a> <a href="https://twitter.com/ColsVerts"><img src="../../../static/twitter.png" alt="Logo Twitter" class="img"></a> <a href="https://www.youtube.com/channel/UCdXNACLTJoefPVLMQiOYGKQ"><img src="../../../static/youtube.png" alt="Logo Youtube" class="img"></a> <a href="https://www.linkedin.com/company/les-cols-verts"><img src="../../../static/linkedin.png" alt="Logo LinkedIn" class="img"></a> <a href="https://www.instagram.com/lescolsverts/"><img src="../../../static/instagram.png" alt="Logo Instagram" class="img"></a></span>
</footer>
`;
